MemTotal:        1020320 kB
MemFree:           66440 kB
Buffers:          127616 kB
Cached:           569248 kB
SwapCached:            0 kB
Active:           195292 kB
Inactive:         529228 kB
Active(anon):       9140 kB
Inactive(anon):    21252 kB
Active(file):     186152 kB
Inactive(file):   507976 kB
Unevictable:       27660 kB
Mlocked:           11308 kB
SwapTotal:       2064376 kB
SwapFree:        2064376 kB
Dirty:                12 kB
Writeback:             0 kB
AnonPages:         55336 kB
Mapped:            14552 kB
Shmem:               240 kB
Slab:              92948 kB
SReclaimable:      49640 kB
SUnreclaim:        43308 kB
KernelStack:        1760 kB
PageTables:         3116 kB
NFS_Unstable:          0 kB
Bounce:                0 kB
WritebackTmp:          0 kB
CommitLimit:     2574536 kB
Committed_AS:     144960 kB
VmallocTotal:   34359738367 kB
VmallocUsed:       83964 kB
VmallocChunk:   34359625508 kB
HardwareCorrupted:     0 kB
AnonHugePages:     16384 kB
HugePages_Total:       0
HugePages_Free:        0
HugePages_Rsvd:        0
HugePages_Surp:        0
Hugepagesize:       2048 kB
DirectMap4k:        8180 kB
DirectMap2M:     1040384 kB
