MemTotal:        3991680 kB
MemFree:         3362892 kB
Buffers:           41496 kB
Cached:           303308 kB
SwapCached:            0 kB
Active:           115160 kB
Inactive:         244524 kB
Active(anon):      21900 kB
Inactive(anon):      284 kB
Active(file):      93260 kB
Inactive(file):   244240 kB
Unevictable:       10052 kB
Mlocked:            6720 kB
SwapTotal:      15998968 kB
SwapFree:       15998968 kB
Dirty:               132 kB
Writeback:             0 kB
AnonPages:         24916 kB
Mapped:            24504 kB
Shmem:               328 kB
Slab:             145548 kB
SReclaimable:      20664 kB
SUnreclaim:       124884 kB
KernelStack:        2616 kB
PageTables:         2212 kB
NFS_Unstable:          0 kB
Bounce:                0 kB
WritebackTmp:          0 kB
CommitLimit:    17994808 kB
Committed_AS:     270196 kB
VmallocTotal:   34359738367 kB
VmallocUsed:      173280 kB
VmallocChunk:   34359554184 kB
HardwareCorrupted:     0 kB
AnonHugePages:      8192 kB
HugePages_Total:       0
HugePages_Free:        0
HugePages_Rsvd:        0
HugePages_Surp:        0
Hugepagesize:       2048 kB
DirectMap4k:        9088 kB
DirectMap2M:     4118528 kB
