MemTotal:        2055444 kB
MemFree:          694328 kB
Buffers:            5312 kB
Cached:          1160620 kB
SwapCached:            0 kB
Active:           825928 kB
Inactive:         310244 kB
Active(anon):      11964 kB
Inactive(anon):     5356 kB
Active(file):     813964 kB
Inactive(file):   304888 kB
Unevictable:       49788 kB
Mlocked:            6728 kB
SwapTotal:      15998968 kB
SwapFree:       15998968 kB
Dirty:                92 kB
Writeback:             0 kB
AnonPages:         20064 kB
Mapped:             8304 kB
Shmem:               336 kB
Slab:             125780 kB
SReclaimable:      52240 kB
SUnreclaim:        73540 kB
KernelStack:        2016 kB
PageTables:         2528 kB
NFS_Unstable:          0 kB
Bounce:                0 kB
WritebackTmp:          0 kB
CommitLimit:    17026688 kB
Committed_AS:     262448 kB
VmallocTotal:   34359738367 kB
VmallocUsed:      289292 kB
VmallocChunk:   34359430760 kB
HardwareCorrupted:     0 kB
AnonHugePages:      2048 kB
HugePages_Total:       0
HugePages_Free:        0
HugePages_Rsvd:        0
HugePages_Surp:        0
Hugepagesize:       2048 kB
DirectMap4k:        7872 kB
DirectMap2M:     2088960 kB
