MemTotal:        1883716 kB
MemFree:         1021132 kB
MemAvailable:    1289384 kB
Buffers:          146456 kB
Cached:           297912 kB
SwapCached:            0 kB
Active:           393832 kB
Inactive:         255948 kB
Active(anon):     216656 kB
Inactive(anon):    52412 kB
Active(file):     177176 kB
Inactive(file):   203536 kB
Unevictable:           0 kB
Mlocked:               0 kB
SwapTotal:       2052092 kB
SwapFree:        2052092 kB
Dirty:                84 kB
Writeback:             0 kB
AnonPages:        205512 kB
Mapped:           119376 kB
Shmem:             63680 kB
Slab:              56708 kB
SReclaimable:      37432 kB
SUnreclaim:        19276 kB
KernelStack:        4384 kB
PageTables:         9312 kB
NFS_Unstable:          0 kB
Bounce:                0 kB
WritebackTmp:          0 kB
CommitLimit:     2993948 kB
Committed_AS:     683940 kB
VmallocTotal:   34359738367 kB
VmallocUsed:       25532 kB
VmallocChunk:   34359682436 kB
HardwareCorrupted:     0 kB
AnonHugePages:     26624 kB
HugePages_Total:       0
HugePages_Free:        0
HugePages_Rsvd:        0
HugePages_Surp:        0
Hugepagesize:       2048 kB
DirectMap4k:       88056 kB
DirectMap2M:     2009088 kB
