MemTotal:        1883716 kB
MemFree:         1157408 kB
MemAvailable:    1390660 kB
Buffers:          118840 kB
Cached:           260440 kB
SwapCached:            0 kB
Active:           310076 kB
Inactive:         259424 kB
Active(anon):     198996 kB
Inactive(anon):    39468 kB
Active(file):     111080 kB
Inactive(file):   219956 kB
Unevictable:           0 kB
Mlocked:               0 kB
SwapTotal:       2052092 kB
SwapFree:        2052092 kB
Dirty:                88 kB
Writeback:             0 kB
AnonPages:        190152 kB
Mapped:            99932 kB
Shmem:             48276 kB
Slab:              85928 kB
SReclaimable:      66780 kB
SUnreclaim:        19148 kB
KernelStack:        4240 kB
PageTables:         9496 kB
NFS_Unstable:          0 kB
Bounce:                0 kB
WritebackTmp:          0 kB
CommitLimit:     2993948 kB
Committed_AS:     651468 kB
VmallocTotal:   34359738367 kB
VmallocUsed:       21692 kB
VmallocChunk:   34359693956 kB
HardwareCorrupted:     0 kB
AnonHugePages:     16384 kB
HugePages_Total:       0
HugePages_Free:        0
HugePages_Rsvd:        0
HugePages_Surp:        0
Hugepagesize:       2048 kB
DirectMap4k:       83960 kB
DirectMap2M:     2013184 kB
